[     416ms] [ERROR] Failed to load resource: the server responded with a status of 404 (Not Found) @ http://121.121.232.54:88/apks/login:0
[     663ms] [ERROR] Failed to load resource: the server responded with a status of 404 (Not Found) @ http://121.121.232.54:88/favicon.ico:0
[   19079ms] [VERBOSE] [DOM] Input elements should have autocomplete attributes (suggested: "current-password"): (More info: https://goo.gl/9p2vKq) %o @ http://121.121.232.54:88/apks/login:0
[   22847ms] [ERROR] Failed to load resource: the server responded with a status of 404 (Not Found) @ http://121.121.232.54:88/apks/login:0
[  270930ms] [VERBOSE] [DOM] Input elements should have autocomplete attributes (suggested: "current-password"): (More info: https://goo.gl/9p2vKq) %o @ http://localhost:5399/apks/#/login:0
[  435576ms] [VERBOSE] [DOM] Input elements should have autocomplete attributes (suggested: "current-password"): (More info: https://goo.gl/9p2vKq) %o @ http://localhost:5399/apks/#/login:0
[  443499ms] [VERBOSE] [DOM] Input elements should have autocomplete attributes (suggested: "current-password"): (More info: https://goo.gl/9p2vKq) %o @ http://localhost:5499/some/other/folder/#/login:0
[  447187ms] [VERBOSE] [DOM] Input elements should have autocomplete attributes (suggested: "current-password"): (More info: https://goo.gl/9p2vKq) %o @ http://localhost:5499/some/other/folder/#/login:0
[  522436ms] [INFO] %cDownload the React DevTools for a better development experience: https://reactjs.org/link/react-devtools font-weight:bold @ http://localhost:5200/node_modules/.vite/deps/chunk-PJEEZAML.js?v=7a79028a:21550
[  522606ms] [WARNING] ⚠️ React Router Future Flag Warning: React Router will begin wrapping state updates in `React.startTransition` in v7. You can use the `v7_startTransition` future flag to opt-in early. For more information, see https://reactrouter.com/v6/upgrading/future#v7_starttransition. @ http://localhost:5200/node_modules/.vite/deps/react-router-dom.js?v=7a79028a:4426
[  522607ms] [WARNING] ⚠️ React Router Future Flag Warning: Relative route resolution within Splat routes is changing in v7. You can use the `v7_relativeSplatPath` future flag to opt-in early. For more information, see https://reactrouter.com/v6/upgrading/future#v7_relativesplatpath. @ http://localhost:5200/node_modules/.vite/deps/react-router-dom.js?v=7a79028a:4426
[  522700ms] [VERBOSE] [DOM] Input elements should have autocomplete attributes (suggested: "current-password"): (More info: https://goo.gl/9p2vKq) %o @ http://localhost:5200/#/login:0
[  526216ms] [INFO] %cDownload the React DevTools for a better development experience: https://reactjs.org/link/react-devtools font-weight:bold @ http://localhost:5200/node_modules/.vite/deps/chunk-PJEEZAML.js?v=7a79028a:21550
[  526293ms] [WARNING] ⚠️ React Router Future Flag Warning: React Router will begin wrapping state updates in `React.startTransition` in v7. You can use the `v7_startTransition` future flag to opt-in early. For more information, see https://reactrouter.com/v6/upgrading/future#v7_starttransition. @ http://localhost:5200/node_modules/.vite/deps/react-router-dom.js?v=7a79028a:4426
[  526293ms] [WARNING] ⚠️ React Router Future Flag Warning: Relative route resolution within Splat routes is changing in v7. You can use the `v7_relativeSplatPath` future flag to opt-in early. For more information, see https://reactrouter.com/v6/upgrading/future#v7_relativesplatpath. @ http://localhost:5200/node_modules/.vite/deps/react-router-dom.js?v=7a79028a:4426
[  526351ms] [VERBOSE] [DOM] Input elements should have autocomplete attributes (suggested: "current-password"): (More info: https://goo.gl/9p2vKq) %o @ http://localhost:5200/#/login:0
[ 4686949ms] [LOG] [vite] server connection lost. Polling for restart... @ http://localhost:5200/@vite/client:559
[ 4686964ms] [ERROR] Failed to load resource: net::ERR_NETWORK_IO_SUSPENDED @ http://localhost:5200/:0
[ 5077245ms] [INFO] %cDownload the React DevTools for a better development experience: https://reactjs.org/link/react-devtools font-weight:bold @ http://localhost:5200/node_modules/.vite/deps/chunk-PJEEZAML.js?v=7a79028a:21550
[ 5077315ms] [WARNING] ⚠️ React Router Future Flag Warning: React Router will begin wrapping state updates in `React.startTransition` in v7. You can use the `v7_startTransition` future flag to opt-in early. For more information, see https://reactrouter.com/v6/upgrading/future#v7_starttransition. @ http://localhost:5200/node_modules/.vite/deps/react-router-dom.js?v=7a79028a:4426
[ 5077315ms] [WARNING] ⚠️ React Router Future Flag Warning: Relative route resolution within Splat routes is changing in v7. You can use the `v7_relativeSplatPath` future flag to opt-in early. For more information, see https://reactrouter.com/v6/upgrading/future#v7_relativesplatpath. @ http://localhost:5200/node_modules/.vite/deps/react-router-dom.js?v=7a79028a:4426
[ 5077407ms] [VERBOSE] [DOM] Input elements should have autocomplete attributes (suggested: "current-password"): (More info: https://goo.gl/9p2vKq) %o @ http://localhost:5200/#/login:0
[ 5081765ms] [LOG] [vite] server connection lost. Polling for restart... @ http://localhost:5200/@vite/client:559
[ 5081768ms] [ERROR] Failed to load resource: net::ERR_NETWORK_IO_SUSPENDED @ http://localhost:5200/:0
[16249143ms] [INFO] %cDownload the React DevTools for a better development experience: https://reactjs.org/link/react-devtools font-weight:bold @ http://localhost:5200/node_modules/.vite/deps/chunk-PJEEZAML.js?v=7a79028a:21550
[16249190ms] [WARNING] ⚠️ React Router Future Flag Warning: React Router will begin wrapping state updates in `React.startTransition` in v7. You can use the `v7_startTransition` future flag to opt-in early. For more information, see https://reactrouter.com/v6/upgrading/future#v7_starttransition. @ http://localhost:5200/node_modules/.vite/deps/react-router-dom.js?v=7a79028a:4426
[16249190ms] [WARNING] ⚠️ React Router Future Flag Warning: Relative route resolution within Splat routes is changing in v7. You can use the `v7_relativeSplatPath` future flag to opt-in early. For more information, see https://reactrouter.com/v6/upgrading/future#v7_relativesplatpath. @ http://localhost:5200/node_modules/.vite/deps/react-router-dom.js?v=7a79028a:4426
[16249285ms] [VERBOSE] [DOM] Input elements should have autocomplete attributes (suggested: "current-password"): (More info: https://goo.gl/9p2vKq) %o @ http://localhost:5200/#/login:0
